{
  "cities": [{
      "http://dbpedia.org/resource/Amsterdam": "Amsterdam"
    }]
}
